../Core/Src/main.c:104:5:main	40	static
../Core/Src/main.c:180:6:SystemClock_Config	88	static
../Core/Src/main.c:237:13:MX_CAN1_Init	8	static
../Core/Src/main.c:276:13:MX_CAN2_Init	8	static
../Core/Src/main.c:313:13:MX_ETH_Init	8	static
../Core/Src/main.c:362:13:MX_I2C1_Init	8	static
../Core/Src/main.c:410:13:MX_USART3_UART_Init	8	static
../Core/Src/main.c:445:13:MX_USB_OTG_FS_PCD_Init	8	static
../Core/Src/main.c:480:13:MX_GPIO_Init	56	static
../Core/Src/main.c:540:6:Error_Handler	4	static,ignoring_inline_asm
